
> saas-project@0.0.0 build
> vite build

[36mvite v7.3.1 [32mbuilding client environment for production...[36m[39m
transforming...
[32m✓[39m 3447 modules transformed.
rendering chunks...
computing gzip size...
[2mdist/[22m[32mindex.html                    [39m[1m[2m    3.22 kB[22m[1m[22m[2m │ gzip:   1.26 kB[22m
[2mdist/[22m[35massets/index-CnJC0Nn_.css     [39m[1m[2m   79.25 kB[22m[1m[22m[2m │ gzip:  14.38 kB[22m
[2mdist/[22m[36massets/purify.es-CovBOfck.js  [39m[1m[2m   22.58 kB[22m[1m[22m[2m │ gzip:   8.67 kB[22m
[2mdist/[22m[36massets/index.es-B-RR3ZkD.js   [39m[1m[2m  158.79 kB[22m[1m[22m[2m │ gzip:  53.02 kB[22m
[2mdist/[22m[36massets/index-BCqs8JsQ.js      [39m[1m[33m1,931.21 kB[39m[22m[2m │ gzip: 561.09 kB[22m
[33m
(!) Some chunks are larger than 500 kB after minification. Consider:
- Using dynamic import() to code-split the application
- Use build.rollupOptions.output.manualChunks to improve chunking: https://rollupjs.org/configuration-options/#output-manualchunks
- Adjust chunk size limit for this warning via build.chunkSizeWarningLimit.[39m
[32m✓ built in 7.42s[39m
Assertion failed: !(handle->flags & UV_HANDLE_CLOSING), file src\win\async.c, line 76
